{
  "command": "map-list",
  "context": {
    "cluster": "test-cluster",
    "namespace": null
  },
  "resources": [
    {
      "id": {
        "kind": "Deployment",
        "namespace": "default",
        "name": "api"
      },
      "owner": {
        "type": "Flux",
        "ref": null
      },
      "status": "Ready"
    },
    {
      "id": {
        "kind": "Service",
        "namespace": "default",
        "name": "api"
      },
      "owner": {
        "type": "Flux",
        "ref": null
      },
      "status": "Ready"
    },
    {
      "id": {
        "kind": "Kustomization",
        "namespace": "flux-system",
        "name": "my-app"
      },
      "owner": {
        "type": "Native",
        "ref": null
      },
      "status": "Ready"
    },
    {
      "id": {
        "kind": "Deployment",
        "namespace": "prod",
        "name": "web"
      },
      "owner": {
        "type": "Native",
        "ref": null
      },
      "status": "NotReady"
    }
  ],
  "summary": {
    "total": 4,
    "byOwner": [
      {
        "ownerType": "Flux",
        "count": 2
      },
      {
        "ownerType": "ArgoCD",
        "count": 0
      },
      {
        "ownerType": "Helm",
        "count": 0
      },
      {
        "ownerType": "ConfigHub",
        "count": 0
      },
      {
        "ownerType": "Native",
        "count": 2
      }
    ],
    "byStatus": [
      {
        "status": "NotReady",
        "count": 1
      },
      {
        "status": "Ready",
        "count": 3
      }
    ]
  }
}
