[
  {
    "id": "default/default/apps/Deployment/api",
    "clusterName": "default",
    "namespace": "default",
    "kind": "Deployment",
    "name": "api",
    "apiVersion": "apps/v1",
    "owner": "Flux",
    "status": "Ready",
    "createdAt": "<TIMESTAMP>",
    "updatedAt": "<TIMESTAMP>"
  },
  {
    "id": "default/default//Service/api",
    "clusterName": "default",
    "namespace": "default",
    "kind": "Service",
    "name": "api",
    "apiVersion": "v1",
    "owner": "Flux",
    "status": "Ready",
    "createdAt": "<TIMESTAMP>",
    "updatedAt": "<TIMESTAMP>"
  },
  {
    "id": "default/flux-system/kustomize.toolkit.fluxcd.io/Kustomization/my-app",
    "clusterName": "default",
    "namespace": "flux-system",
    "kind": "Kustomization",
    "name": "my-app",
    "apiVersion": "kustomize.toolkit.fluxcd.io/v1",
    "owner": "Native",
    "status": "Ready",
    "createdAt": "<TIMESTAMP>",
    "updatedAt": "<TIMESTAMP>"
  },
  {
    "id": "default/prod/apps/Deployment/web",
    "clusterName": "default",
    "namespace": "prod",
    "kind": "Deployment",
    "name": "web",
    "apiVersion": "apps/v1",
    "owner": "Native",
    "status": "NotReady",
    "createdAt": "<TIMESTAMP>",
    "updatedAt": "<TIMESTAMP>"
  }
]
