{
  "actions": [
    {
      "target": "Deployment/payment-api",
      "namespace": "ecommerce",
      "actionType": "rollout-restart",
      "commandPreview": "kubectl rollout restart deployment/payment-api -n ecommerce",
      "riskLevel": "medium",
      "requiresConfirmation": true,
      "whySuggested": "Safely recycle pods after config/image/runtime dependency changes.",
      "expectedImpact": "Controller creates new pods gradually; old pods terminate after replacement."
    }
  ],
  "count": 1,
  "target": "Deployment/payment-api"
}
