[?25l[?2004h│ 📁 my-team                           ││ │    ● api-prod             │        │
│ > ├── ▶ 📦 api-prod(1) prod          ││ │    ● web-prod             │        │
│   └── ▶ 📦 web-prod(1) prod          ││ │                           │        │
│                                      ││ └─────────────┬─────────────┘        │
│ Total: 2 units, 2 workloads          ││               │                      │
│                                      ││               │ sync                 │
│                                      ││               ▼                      │
│                                      ││       ┌─────────────────┐            │
│                                      ││       │     Worker      │            │
│                                      ││       │ my-team-worker  │            │
│                                      ││       └────────┬────────┘            │
│                                      ││                │                     │
╰──────────────────────────────────────╯│                │ deploy              │
                                        │                ▼                     │
                                        │       ┌─────────────────┐            │
                                        │       │   K8s Cluster   │            │
                                        │       │  1 namespaces   │            │
                                        │       └─────────────────┘            │
                                        │                                      │
                                        │ ● Flux ● Argo ● Helm ● Native        │
                                        │ 2 units, 2 workloads                 │
                                        ╰──────────────────────────────────────╯
                                                                                
↑↓ navigate  →← expand/collapse  e edit  d delete  r refresh  enter import  ? he[23A [K[J[2K[?2004l[?25h[?1002l[?1003l[?1006l