[?25l[?2004h        [K
╭──────────────────────────────────────╮ ╭──────────────────────────────────────
│ ▸ ▼                                  │ │ Organization Summary                 
│     ▶ ✓ test-space                   │ │                                      
│                                      │ │                                      
│                                      │ │ No organization selected             
│                                      │ │                                      
│                                      │ │ Press Enter on any node to view deta 
│                                      │ │                                      
│                                      │ │                                      
│                                      │ │                                      
│                                      │ │                                      
│                                      │ │                                      
│                                      │ │                                      
│                                      │ │                                      
│                                      │ │                                      
│                                      │ │                                      
│                                      │ │                                      
╰──────────────────────────────────────╯ │                                      
                                         │                                      
                                         │                                      
                                         ╰──────────────────────────────────────
[K
↑↓ move · ←→ expand · ⏎ details · ⇥ pane · / filter · : cmd · L local · ? help ·[2K[?2004l[?25h[?1002l[?1003l[?1006l