[?25l[?2004h IMPORT WIZARD - Select Namespaces                                              
                                     █████░░░░░░░░░░░░░░░  Step 1 of 4  (1/4 sel
╭──────────────────────────────────────╮╭──────────────────────────────────────╮
│ Select which namespaces to import    ││  default                             │
│ from.                                ││                                      │
│ Only workloads from selected         ││                                      │
│ namespaces will be imported.         ││                                      │
│                                      ││                                      │
│ > ☐ default (2 workloads)            ││                                      │
│   ☑ production (5 workloads)         ││                                      │
│   ☐ staging (3 workloads)            ││                                      │
│   ☐ kube-system (10 workloads)       ││                                      │
│                                      ││                                      │
│                                      ││                                      │
│                                      ││                                      │
│                                      ││                                      │
│                                      ││                                      │
│                                      ││                                      │
│                                      ││                                      │
╰──────────────────────────────────────╯╰──────────────────────────────────────╯
                                                                                
↑↓ navigate  space toggle  a toggle all  / search  r refresh  enter continue  ? [21A [K[J[2K[?2004l[?25h[?1002l[?1003l[?1006l